


78K0R Linker W1.80                            Date:29 Jun 2018 Page:   1

Command:   -yC:\Program Files (x86)\Renesas Electronics\CS+\CACX\Device\
           RL78\Devicefile -_msgoff -oDefaultBuild\UART0_rx.lmf -gi00000
           000000000000000h -go04h,7E00h,0 -gb0EFFFEAH -mi0 -s -pDefault
           Build\UART0_rx.map C:\Program Files (x86)\Renesas Electronics
           \CS+\CACX\CA78K0R\V1.72\lib78k0r\s0rll.rel DefaultBuild\r_mai
           n.rel DefaultBuild\r_systeminit.rel DefaultBuild\r_cg_cgc.rel
            DefaultBuild\r_cg_cgc_user.rel DefaultBuild\r_cg_serial.rel 
           DefaultBuild\r_cg_serial_user.rel DefaultBuild\Timer.rel Defa
           ultBuild\EspCommand.rel -bcl0ram.lib -bcl0rm.lib -bcl0rmf.lib
            -iC:\Program Files (x86)\Renesas Electronics\CS+\CACX\CA78K0
           R\V1.72\lib78k0r
Para-file:
Out-file:  DefaultBuild\UART0_rx.lmf
Map-file:  DefaultBuild\UART0_rx.map
Direc-file:
Directive:


*** Link information ***

    36 output segment(s)
  9C9H byte(s) real data
   744 symbol(s) defined


*** Memory map ***


  SPACE=REGULAR

  MEMORY=ROM
  BASE ADDRESS=00000H   SIZE=08000H
         OUTPUT   INPUT    INPUT      BASE      SIZE
         SEGMENT  SEGMENT  MODULE     ADDRESS
         @@VECT00                     00000H    00002H  CSEG AT
                  @@VECT00 @cstart    00000H    00002H
         @@CNSTL                      00002H    00000H  CSEG PAGE64KP
                  @@CNSTL  @cstart    00002H    00000H
         @@CNSTL                      00002H    00000H  CSEG PAGE64KP
                  @@CNSTL  r_main     00002H    00000H
         @@CNSTL                      00002H    00000H  CSEG PAGE64KP
                  @@CNSTL  r_systeminit
                                      00002H    00000H
         @@CNSTL                      00002H    00000H  CSEG PAGE64KP
                  @@CNSTL  r_cg_cgc   00002H    00000H
         @@CNSTL                      00002H    00000H  CSEG PAGE64KP
                  @@CNSTL  r_cg_cgc_user
                                      00002H    00000H
         @@CNSTL                      00002H    00000H  CSEG PAGE64KP
                  @@CNSTL  r_cg_serial
                                      00002H    00000H
         @@CNSTL                      00002H    00000H  CSEG PAGE64KP
                  @@CNSTL  r_cg_serial_user
                                      00002H    00000H
         @@CNSTL                      00002H    00000H  CSEG PAGE64KP
                  @@CNSTL  Timer      00002H    00000H
         @@CNSTL                      00002H    00000H  CSEG PAGE64KP
                  @@CNSTL  EspCommand
                                      00002H    00000H
         @@RLINIT                     00002H    00000H  CSEG UNIT64KP
                  @@RLINIT @cstart    00002H    00000H
                  @@RLINIT r_main     00002H    00000H
                  @@RLINIT r_systeminit
                                      00002H    00000H
                  @@RLINIT r_cg_cgc   00002H    00000H
                  @@RLINIT r_cg_cgc_user
                                      00002H    00000H
                  @@RLINIT r_cg_serial
                                      00002H    00000H
                  @@RLINIT r_cg_serial_user
                                      00002H    00000H
                  @@RLINIT Timer      00002H    00000H
                  @@RLINIT EspCommand
                                      00002H    00000H
                  @@RLINIT @rom       00002H    00000H
         @@R_INIS                     00002H    00000H  CSEG UNIT64KP
                  @@R_INIS @cstart    00002H    00000H
                  @@R_INIS r_main     00002H    00000H
                  @@R_INIS r_systeminit
                                      00002H    00000H
                  @@R_INIS r_cg_cgc   00002H    00000H
                  @@R_INIS r_cg_cgc_user
                                      00002H    00000H
                  @@R_INIS r_cg_serial
                                      00002H    00000H
                  @@R_INIS r_cg_serial_user
                                      00002H    00000H
                  @@R_INIS Timer      00002H    00000H
                  @@R_INIS EspCommand
                                      00002H    00000H
                  @@R_INIS @rom       00002H    00000H
         @@CALT                       00002H    00000H  CSEG
                  @@CALT   @cstart    00002H    00000H
                  @@CALT   r_main     00002H    00000H
                  @@CALT   r_systeminit
                                      00002H    00000H
                  @@CALT   r_cg_cgc   00002H    00000H
                  @@CALT   r_cg_cgc_user
                                      00002H    00000H
                  @@CALT   r_cg_serial
                                      00002H    00000H
                  @@CALT   r_cg_serial_user
                                      00002H    00000H
                  @@CALT   Timer      00002H    00000H
                  @@CALT   EspCommand
                                      00002H    00000H
         ??NMIROM                     00002H    00002H  CSEG
* gap *                               00004H    0001AH
         @@VECT1E                     0001EH    00004H  CSEG AT
                  @@VECT1E r_cg_serial_user
                                      0001EH    00004H
* gap *                               00022H    0000AH
         @@VECT2C                     0002CH    00002H  CSEG AT
                  @@VECT2C Timer      0002CH    00002H
         @@R_INIT                     0002EH    00026H  CSEG UNIT64KP
                  @@R_INIT @cstart    0002EH    00000H
                  @@R_INIT r_main     0002EH    00000H
                  @@R_INIT r_systeminit
                                      0002EH    00000H
                  @@R_INIT r_cg_cgc   0002EH    00000H
                  @@R_INIT r_cg_cgc_user
                                      0002EH    00010H
                  @@R_INIT r_cg_serial
                                      0003EH    00000H
                  @@R_INIT r_cg_serial_user
                                      0003EH    00002H
                  @@R_INIT Timer      00040H    00004H
                  @@R_INIT EspCommand
                                      00044H    00010H
                  @@R_INIT @rom       00054H    00000H
* gap *                               00054H    0006CH
         ?CSEGOB0                     000C0H    00004H  CSEG OPT_BYTE
         @@CODEL                      000C4H    00000H  CSEG
                  @@CODEL  r_main     000C4H    00000H
                  @@CODEL  r_systeminit
                                      000C4H    00000H
                  @@CODEL  r_cg_cgc   000C4H    00000H
                  @@CODEL  r_cg_cgc_user
                                      000C4H    00000H
                  @@CODEL  r_cg_serial
                                      000C4H    00000H
                  @@CODEL  r_cg_serial_user
                                      000C4H    00000H
                  @@CODEL  Timer      000C4H    00000H
                  @@CODEL  EspCommand
                                      000C4H    00000H
         ?CSEGSI                      000C4H    0000AH  CSEG
         ?OCDSTAD                     000CEH    0000AH  CSEG
         @@LCODE                      000D8H    001CCH  CSEG BASE
                  @@LCODE  @cstart    000D8H    000ADH
                  @@LCODE  m_fcmp     00185H    00073H
                  @@LCODE  m_fcom5    001F8H    0002AH
                  @@LCODE  m_fcom6    00222H    0001FH
                  @@LCODE  m_lstof    00241H    00016H
                  @@LCODE  m_lutof    00257H    0004DH
         @@CODE                       002A4H    005D7H  CSEG BASE
                  @@CODE   r_main     002A4H    0002AH
                  @@CODE   r_systeminit
                                      002CEH    00017H
                  @@CODE   r_cg_cgc   002E5H    00010H
                  @@CODE   r_cg_cgc_user
                                      002F5H    00005H
                  @@CODE   r_cg_serial
                                      002FAH    00137H
                  @@CODE   r_cg_serial_user
                                      00431H    00029H
                  @@CODE   Timer      0045AH    0008FH
                  @@CODE   EspCommand
                                      004E9H    00392H
         @@BASE                       0087BH    000A0H  CSEG BASE
                  @@BASE   r_main     0087BH    00000H
                  @@BASE   r_systeminit
                                      0087BH    00000H
                  @@BASE   r_cg_cgc   0087BH    00000H
                  @@BASE   r_cg_cgc_user
                                      0087BH    00000H
                  @@BASE   r_cg_serial
                                      0087BH    00000H
                  @@BASE   r_cg_serial_user
                                      0087BH    0005DH
                  @@BASE   Timer      008D8H    00043H
                  @@BASE   EspCommand
                                      0091BH    00000H
* gap *                               0091BH    00001H
         @@CNSTL                      0091CH    000CEH  CSEG PAGE64KP
                  @@CNSTL  m_fcom5    0091CH    000CEH
         @@LCODEL                     009EAH    00060H  CSEG
                  @@LCODEL @stkinit   009EAH    00044H
                  @@LCODEL exit       00A2EH    0001CH
* gap *                               00A4AH    015B6H
         @@CNST                       02000H    00010H  CSEG MIRRORP
                  @@CNST   @cstart    02000H    00000H
                  @@CNST   r_main     02000H    00008H
                  @@CNST   r_systeminit
                                      02008H    00000H
                  @@CNST   r_cg_cgc   02008H    00000H
                  @@CNST   r_cg_cgc_user
                                      02008H    00000H
                  @@CNST   r_cg_serial
                                      02008H    00000H
                  @@CNST   r_cg_serial_user
                                      02008H    00000H
                  @@CNST   Timer      02008H    00000H
                  @@CNST   EspCommand
                                      02008H    00008H
* gap *                               02010H    05FF0H

  MEMORY=RAM
  BASE ADDRESS=FF700H   SIZE=00900H
         OUTPUT   INPUT    INPUT      BASE      SIZE
         SEGMENT  SEGMENT  MODULE     ADDRESS
         @@DATA                       FF700H    00106H  DSEG BASEP
                  @@DATA   @cstart    FF700H    000BAH
                  @@DATA   r_main     FF7BAH    00002H
                  @@DATA   r_systeminit
                                      FF7BCH    00000H
                  @@DATA   r_cg_cgc   FF7BCH    00000H
                  @@DATA   r_cg_cgc_user
                                      FF7BCH    00012H
                  @@DATA   r_cg_serial
                                      FF7CEH    0000AH
                  @@DATA   r_cg_serial_user
                                      FF7D8H    00008H
                  @@DATA   Timer      FF7E0H    00002H
                  @@DATA   EspCommand
                                      FF7E2H    00024H
                  @@DATA   @rom       FF806H    00000H
         @@INIT                       FF806H    00026H  DSEG BASEP
                  @@INIT   @cstart    FF806H    00000H
                  @@INIT   r_main     FF806H    00000H
                  @@INIT   r_systeminit
                                      FF806H    00000H
                  @@INIT   r_cg_cgc   FF806H    00000H
                  @@INIT   r_cg_cgc_user
                                      FF806H    00010H
                  @@INIT   r_cg_serial
                                      FF816H    00000H
                  @@INIT   r_cg_serial_user
                                      FF816H    00002H
                  @@INIT   Timer      FF818H    00004H
                  @@INIT   EspCommand
                                      FF81CH    00010H
                  @@INIT   @rom       FF82CH    00000H
         @@INIS                       FF82CH    00000H  DSEG UNITP
                  @@INIS   @cstart    FF82CH    00000H
                  @@INIS   r_main     FF82CH    00000H
                  @@INIS   r_systeminit
                                      FF82CH    00000H
                  @@INIS   r_cg_cgc   FF82CH    00000H
                  @@INIS   r_cg_cgc_user
                                      FF82CH    00000H
                  @@INIS   r_cg_serial
                                      FF82CH    00000H
                  @@INIS   r_cg_serial_user
                                      FF82CH    00000H
                  @@INIS   Timer      FF82CH    00000H
                  @@INIS   EspCommand
                                      FF82CH    00000H
                  @@INIS   @rom       FF82CH    00000H
         @@DATS                       FF82CH    00000H  DSEG UNITP
                  @@DATS   @cstart    FF82CH    00000H
                  @@DATS   r_main     FF82CH    00000H
                  @@DATS   r_systeminit
                                      FF82CH    00000H
                  @@DATS   r_cg_cgc   FF82CH    00000H
                  @@DATS   r_cg_cgc_user
                                      FF82CH    00000H
                  @@DATS   r_cg_serial
                                      FF82CH    00000H
                  @@DATS   r_cg_serial_user
                                      FF82CH    00000H
                  @@DATS   Timer      FF82CH    00000H
                  @@DATS   EspCommand
                                      FF82CH    00000H
                  @@DATS   @rom       FF82CH    00000H
         @@INITL                      FF82CH    00000H  DSEG UNIT64KP
                  @@INITL  @cstart    FF82CH    00000H
                  @@INITL  r_main     FF82CH    00000H
                  @@INITL  r_systeminit
                                      FF82CH    00000H
                  @@INITL  r_cg_cgc   FF82CH    00000H
                  @@INITL  r_cg_cgc_user
                                      FF82CH    00000H
                  @@INITL  r_cg_serial
                                      FF82CH    00000H
                  @@INITL  r_cg_serial_user
                                      FF82CH    00000H
                  @@INITL  Timer      FF82CH    00000H
                  @@INITL  EspCommand
                                      FF82CH    00000H
                  @@INITL  @rom       FF82CH    00000H
         @@DATAL                      FF82CH    00000H  DSEG UNIT64KP
                  @@DATAL  @cstart    FF82CH    00000H
                  @@DATAL  r_main     FF82CH    00000H
                  @@DATAL  r_systeminit
                                      FF82CH    00000H
                  @@DATAL  r_cg_cgc   FF82CH    00000H
                  @@DATAL  r_cg_cgc_user
                                      FF82CH    00000H
                  @@DATAL  r_cg_serial
                                      FF82CH    00000H
                  @@DATAL  r_cg_serial_user
                                      FF82CH    00000H
                  @@DATAL  Timer      FF82CH    00000H
                  @@DATAL  EspCommand
                                      FF82CH    00000H
                  @@DATAL  @rom       FF82CH    00000H
         @@BITS                       FF82CH    00000H  BSEG
                  @@BITS   @cstart    FF82CH.0  00000H.0
                  @@BITS   r_main     FF82CH.0  00000H.0
                  @@BITS   r_systeminit
                                      FF82CH.0  00000H.0
                  @@BITS   r_cg_cgc   FF82CH.0  00000H.0
                  @@BITS   r_cg_cgc_user
                                      FF82CH.0  00000H.0
                  @@BITS   r_cg_serial
                                      FF82CH.0  00000H.0
                  @@BITS   r_cg_serial_user
                                      FF82CH.0  00000H.0
                  @@BITS   Timer      FF82CH.0  00000H.0
                  @@BITS   EspCommand
                                      FF82CH.0  00000H.0
* gap *                               FF82CH    006A8H
         @@SEGREG                     FFED4H    00004H  DSEG AT
                  @@SEGREG @SEGREG    FFED4H    00004H
         @@RTARG0                     FFED8H    00008H  DSEG AT
                  @@RTARG0 @RTARG0    FFED8H    00008H
* gap *                               FFEE0H    00020H
* gap (Not Free Area) *               FFF00H    00100H


 Target chip : R5F100AC
 Device file : V1.14
